
> frontend@0.0.0 dev
> vite

[2mAM 9:01:18[22m [36m[1m[vite][22m[39m [90m[2m(client)[22m[39m Re-optimizing dependencies because vite config has changed

  [32m[1mVITE[22m v8.2.2[39m  [2mready in [0m[1m1099[22m[2m[0m ms[22m

  [32m➜[39m  [1mLocal[22m:   [36mhttp://localhost:[1m3000[22m/[39m
[2m  [32m➜[39m  [1mNetwork[22m[2m: use [22m[1m--host[22m[2m to expose[22m
[2mAM 9:06:24[22m [36m[1m[vite][22m[39m [90m[2m(client)[22m[39m [32mhmr update [39m[2m/src/pages/jobseeker/JspJobTable.jsx[22m
[2mAM 9:06:32[22m [36m[1m[vite][22m[39m [90m[2m(client)[22m[39m [32mhmr update [39m[2m/src/pages/jobseeker/JspJobTable.jsx[22m
[2mAM 9:06:40[22m [36m[1m[vite][22m[39m [90m[2m(client)[22m[39m [32mhmr update [39m[2m/src/pages/jobseeker/JspJobTable.jsx[22m
[2mAM 9:06:52[22m [36m[1m[vite][22m[39m [90m[2m(client)[22m[39m [32mhmr update [39m[2m/src/pages/jobseeker/JspJobTable.jsx[22m
[2mAM 9:07:01[22m [36m[1m[vite][22m[39m [90m[2m(client)[22m[39m [32mhmr update [39m[2m/src/pages/JobDetailPage.jsx[22m
[2mAM 9:07:10[22m [36m[1m[vite][22m[39m [90m[2m(client)[22m[39m [32mhmr update [39m[2m/src/pages/JobDetailPage.jsx[22m
[2mAM 9:07:16[22m [36m[1m[vite][22m[39m [90m[2m(client)[22m[39m [32mhmr update [39m[2m/src/pages/JobDetailPage.jsx[22m
[2mAM 9:51:25[22m [36m[1m[vite][22m[39m [90m[2m(client)[22m[39m [32mhmr update [39m[2m/src/pages/jobregister/JrForm.jsx[22m
[2mAM 9:51:32[22m [36m[1m[vite][22m[39m [90m[2m(client)[22m[39m [32mhmr update [39m[2m/src/pages/JobDetailPage.jsx[22m
[2mAM 9:51:35[22m [36m[1m[vite][22m[39m [90m[2m(client)[22m[39m [32mhmr update [39m[2m/src/pages/home/HomeHero.jsx[22m
[2mAM 9:51:37[22m [36m[1m[vite][22m[39m [90m[2m(client)[22m[39m [32mhmr update [39m[2m/src/pages/jobseeker/JspHero.jsx[22m
[2mAM 9:51:45[22m [36m[1m[vite][22m[39m [90m[2m(client)[22m[39m [32mhmr update [39m[2m/src/pages/JobDetailPage.jsx[22m
[2mAM 9:51:48[22m [36m[1m[vite][22m[39m [90m[2m(client)[22m[39m [32mhmr update [39m[2m/src/pages/home/HomeHero.jsx[22m
[2mAM 9:51:50[22m [36m[1m[vite][22m[39m [90m[2m(client)[22m[39m [32mhmr update [39m[2m/src/pages/jobseeker/JspHero.jsx[22m
[2mAM 9:51:59[22m [36m[1m[vite][22m[39m [90m[2m(client)[22m[39m [32mhmr update [39m[2m/src/pages/home/HomeHero.jsx[22m
[2mAM 9:52:01[22m [36m[1m[vite][22m[39m [90m[2m(client)[22m[39m [32mhmr update [39m[2m/src/pages/home/HomeHero.jsx[22m
[2mAM 9:52:08[22m [36m[1m[vite][22m[39m [90m[2m(client)[22m[39m [32mhmr update [39m[2m/src/pages/jobseeker/JspHero.jsx[22m
[2mAM 9:52:10[22m [36m[1m[vite][22m[39m [90m[2m(client)[22m[39m [32mhmr update [39m[2m/src/pages/jobseeker/JspHero.jsx[22m
[2mAM 9:52:30[22m [36m[1m[vite][22m[39m [90m[2m(client)[22m[39m [32mhmr update [39m[2m/src/pages/MyApplicationsPage.jsx[22m
[2mAM 9:52:37[22m [36m[1m[vite][22m[39m [90m[2m(client)[22m[39m [32mhmr update [39m[2m/src/pages/LoginPage.jsx[22m
[2mAM 9:52:42[22m [36m[1m[vite][22m[39m [90m[2m(client)[22m[39m [32mhmr update [39m[2m/src/pages/LoginPage.jsx[22m
[2mAM 9:52:49[22m [36m[1m[vite][22m[39m [90m[2m(client)[22m[39m [32mhmr update [39m[2m/src/pages/LoginPage.jsx[22m
[2mAM 9:53:07[22m [36m[1m[vite][22m[39m [90m[2m(client)[22m[39m [32mhmr update [39m[2m/src/pages/JobRegisterPage.css[22m
[2mAM 9:53:09[22m [36m[1m[vite][22m[39m [90m[2m(client)[22m[39m [32mhmr update [39m[2m/src/pages/JobDetailPage.css[22m
[2mAM 9:53:28[22m [36m[1m[vite][22m[39m [90m[2m(client)[22m[39m [32mhmr update [39m[2m/src/pages/MyApplicationsPage.css[22m
[2mAM 10:00:42[22m [36m[1m[vite][22m[39m [90m[2m(client)[22m[39m [32mhmr update [39m[2m/src/pages/home/HomeNav.jsx[22m
[2mAM 10:01:02[22m [36m[1m[vite][22m[39m [90m[2m(client)[22m[39m [32mhmr update [39m[2m/src/pages/home/HomeNav.jsx[22m
[2mAM 10:01:21[22m [36m[1m[vite][22m[39m [90m[2m(client)[22m[39m [32mhmr update [39m[2m/src/pages/HomePage.css[22m
[2mAM 10:01:37[22m [36m[1m[vite][22m[39m [90m[2m(client)[22m[39m [32mhmr update [39m[2m/src/pages/jobseeker/JspJobTable.jsx[22m
[2mAM 10:01:40[22m [36m[1m[vite][22m[39m [90m[2m(client)[22m[39m [32mhmr update [39m[2m/src/pages/jobsearch/JsFilter.jsx[22m
[2mAM 10:01:50[22m [36m[1m[vite][22m[39m [90m[2m(client)[22m[39m [32mhmr update [39m[2m/src/pages/jobsearch/JsFilter.jsx[22m
[2mAM 10:01:50[22m [31m[1m[vite][22m[39m [31mInternal server error: Transform failed with 2 errors:

[31m[PARSE_ERROR] [0mExpected corresponding JSX closing tag for 'div'.
     [38;5;246m╭[0m[38;5;246m─[0m[38;5;246m[[0m src/pages/jobsearch/JsFilter.jsx:150:7 [38;5;246m][0m
     [38;5;246m│[0m
 [38;5;246m 38 │[0m [38;5;249m [0m[38;5;249m [0m[38;5;249m [0m[38;5;249m [0m[38;5;249m [0m[38;5;249m [0m[38;5;249m<[0mdiv[38;5;249m [0m[38;5;249mc[0m[38;5;249ml[0m[38;5;249ma[0m[38;5;249ms[0m[38;5;249ms[0m[38;5;249mN[0m[38;5;249ma[0m[38;5;249mm[0m[38;5;249me[0m[38;5;249m=[0m[38;5;249m"[0m[38;5;249mj[0m[38;5;249ms[0m[38;5;249m-[0m[38;5;249mf[0m[38;5;249mi[0m[38;5;249ml[0m[38;5;249mt[0m[38;5;249me[0m[38;5;249mr[0m[38;5;249m-[0m[38;5;249mb[0m[38;5;249mo[0m[38;5;249md[0m[38;5;249my[0m[38;5;249m"[0m[38;5;249m>[0m
 [38;5;240m    │[0m        ─┬─  
 [38;5;240m    │[0m         ╰─── Opened here
 [38;5;240m    │[0m 
 [38;5;246m150 │[0m [38;5;249m [0m[38;5;249m [0m[38;5;249m [0m[38;5;249m [0m[38;5;249m<[0m[38;5;249m/[0maside[38;5;249m>[0m
 [38;5;240m    │[0m       ──┬──  
 [38;5;240m    │[0m         ╰──── Expected `</div>`
[38;5;246m─────╯[0m

[31m[PARSE_ERROR] [0mUnexpected token. Did you mean `{'}'}` or `&rbrace;`?
     [38;5;246m╭[0m[38;5;246m─[0m[38;5;246m[[0m src/pages/jobsearch/JsFilter.jsx:152:1 [38;5;246m][0m
     [38;5;246m│[0m
 [38;5;246m152 │[0m [38;5;249m}[0m
 [38;5;240m    │[0m │ 
 [38;5;240m    │[0m ╰─ 
[38;5;246m─────╯[0m
[39m
  Plugin: [35mvite:oxc[39m
  File: [36mC:/work/team_project/Caregiver/frontend/src/pages/jobsearch/JsFilter.jsx[39m
      at transformWithOxc (file:///C:/work/team_project/Caregiver/frontend/node_modules/vite/dist/node/chunks/node.js:4103:19)
      at TransformPluginContext.transform (file:///C:/work/team_project/Caregiver/frontend/node_modules/vite/dist/node/chunks/node.js:4174:26)
      at EnvironmentPluginContainer.transform (file:///C:/work/team_project/Caregiver/frontend/node_modules/vite/dist/node/chunks/node.js:30932:51)
      at async loadAndTransform (file:///C:/work/team_project/Caregiver/frontend/node_modules/vite/dist/node/chunks/node.js:20671:26)
      at async viteTransformMiddleware (file:///C:/work/team_project/Caregiver/frontend/node_modules/vite/dist/node/chunks/node.js:25205:20)
[2mAM 10:01:50[22m [31m[1m[vite][22m[39m [31mInternal server error: Transform failed with 2 errors:

[31m[PARSE_ERROR] [0mExpected corresponding JSX closing tag for 'div'.
     [38;5;246m╭[0m[38;5;246m─[0m[38;5;246m[[0m src/pages/jobsearch/JsFilter.jsx:150:7 [38;5;246m][0m
     [38;5;246m│[0m
 [38;5;246m 38 │[0m [38;5;249m [0m[38;5;249m [0m[38;5;249m [0m[38;5;249m [0m[38;5;249m [0m[38;5;249m [0m[38;5;249m<[0mdiv[38;5;249m [0m[38;5;249mc[0m[38;5;249ml[0m[38;5;249ma[0m[38;5;249ms[0m[38;5;249ms[0m[38;5;249mN[0m[38;5;249ma[0m[38;5;249mm[0m[38;5;249me[0m[38;5;249m=[0m[38;5;249m"[0m[38;5;249mj[0m[38;5;249ms[0m[38;5;249m-[0m[38;5;249mf[0m[38;5;249mi[0m[38;5;249ml[0m[38;5;249mt[0m[38;5;249me[0m[38;5;249mr[0m[38;5;249m-[0m[38;5;249mb[0m[38;5;249mo[0m[38;5;249md[0m[38;5;249my[0m[38;5;249m"[0m[38;5;249m>[0m
 [38;5;240m    │[0m        ─┬─  
 [38;5;240m    │[0m         ╰─── Opened here
 [38;5;240m    │[0m 
 [38;5;246m150 │[0m [38;5;249m [0m[38;5;249m [0m[38;5;249m [0m[38;5;249m [0m[38;5;249m<[0m[38;5;249m/[0maside[38;5;249m>[0m
 [38;5;240m    │[0m       ──┬──  
 [38;5;240m    │[0m         ╰──── Expected `</div>`
[38;5;246m─────╯[0m

[31m[PARSE_ERROR] [0mUnexpected token. Did you mean `{'}'}` or `&rbrace;`?
     [38;5;246m╭[0m[38;5;246m─[0m[38;5;246m[[0m src/pages/jobsearch/JsFilter.jsx:152:1 [38;5;246m][0m
     [38;5;246m│[0m
 [38;5;246m152 │[0m [38;5;249m}[0m
 [38;5;240m    │[0m │ 
 [38;5;240m    │[0m ╰─ 
[38;5;246m─────╯[0m
[39m
  Plugin: [35mvite:oxc[39m
  File: [36mC:/work/team_project/Caregiver/frontend/src/pages/jobsearch/JsFilter.jsx[39m
      at transformWithOxc (file:///C:/work/team_project/Caregiver/frontend/node_modules/vite/dist/node/chunks/node.js:4103:19)
      at TransformPluginContext.transform (file:///C:/work/team_project/Caregiver/frontend/node_modules/vite/dist/node/chunks/node.js:4174:26)
      at EnvironmentPluginContainer.transform (file:///C:/work/team_project/Caregiver/frontend/node_modules/vite/dist/node/chunks/node.js:30932:51)
      at async loadAndTransform (file:///C:/work/team_project/Caregiver/frontend/node_modules/vite/dist/node/chunks/node.js:20671:26)
      at async viteTransformMiddleware (file:///C:/work/team_project/Caregiver/frontend/node_modules/vite/dist/node/chunks/node.js:25205:20)
[2mAM 10:01:50[22m [31m[1m[vite][22m[39m [31m[2m(client)[22m[39m [2m[console.error] [22m[vite] Failed to reload /src/pages/jobsearch/JsFilter.jsx. This could be due to syntax errors or importing non-existent modules. (see errors above)
[2mAM 10:01:50[22m [31m[1m[vite][22m[39m [31m[2m(client)[22m[39m [2m[console.error] [22m[vite] Failed to reload /src/pages/jobsearch/JsFilter.jsx. This could be due to syntax errors or importing non-existent modules. (see errors above)
[2mAM 10:01:57[22m [36m[1m[vite][22m[39m [90m[2m(client)[22m[39m [32mhmr update [39m[2m/src/pages/jobsearch/JsFilter.jsx[22m
[2mAM 10:02:07[22m [36m[1m[vite][22m[39m [90m[2m(client)[22m[39m [32mhmr update [39m[2m/src/pages/JobSeekerPage.css[22m
[2mAM 10:02:14[22m [36m[1m[vite][22m[39m [90m[2m(client)[22m[39m [32mhmr update [39m[2m/src/pages/JobSearchPage.css[22m
[2mAM 10:10:14[22m [36m[1m[vite][22m[39m [90m[2m(client)[22m[39m [32mhmr update [39m[2m/src/pages/HomePage.css[22m
[2mAM 10:12:07[22m [36m[1m[vite][22m[39m [90m[2m(client)[22m[39m [32mhmr update [39m[2m/src/pages/JobDetailPage.jsx[22m
[2mAM 10:12:09[22m [36m[1m[vite][22m[39m [90m[2m(client)[22m[39m [32mhmr update [39m[2m/src/pages/RecentJobsPage.jsx[22m
[2mAM 10:12:12[22m [36m[1m[vite][22m[39m [90m[2m(client)[22m[39m [32mhmr update [39m[2m/src/pages/WishlistPage.jsx[22m
[2mAM 10:12:20[22m [36m[1m[vite][22m[39m [90m[2m(client)[22m[39m [32mhmr update [39m[2m/src/pages/jobsearch/JsJobList.jsx[22m
[2mAM 10:12:23[22m [36m[1m[vite][22m[39m [90m[2m(client)[22m[39m [32mhmr update [39m[2m/src/pages/jobseeker/JspJobTable.jsx[22m
[2mAM 10:12:26[22m [36m[1m[vite][22m[39m [90m[2m(client)[22m[39m [32mhmr update [39m[2m/src/pages/employer/EhpMainContent.jsx[22m
[2mAM 10:12:26[22m [31m[1m[vite][22m[39m [31m[2m(client)[22m[39m [2m[console.error] [22m[vite] SyntaxError: Identifier 'SHIFT_STYLE' has already been declared
[2mAM 10:12:26[22m [31m[1m[vite][22m[39m [31m[2m(client)[22m[39m [2m[console.error] [22m[vite] Failed to reload /src/pages/employer/EhpMainContent.jsx. This could be due to syntax errors or importing non-existent modules. (see errors above)
[2mAM 10:12:26[22m [31m[1m[vite][22m[39m [31m[2m(client)[22m[39m [2m[console.error] [22m[vite] SyntaxError: Identifier 'SHIFT_STYLE' has already been declared
[2mAM 10:12:26[22m [31m[1m[vite][22m[39m [31m[2m(client)[22m[39m [2m[console.error] [22m[vite] Failed to reload /src/pages/employer/EhpMainContent.jsx. This could be due to syntax errors or importing non-existent modules. (see errors above)
[2mAM 10:12:37[22m [36m[1m[vite][22m[39m [90m[2m(client)[22m[39m [32mhmr update [39m[2m/src/pages/employer/EhpMainContent.jsx[22m
[2mAM 10:12:50[22m [36m[1m[vite][22m[39m [90m[2m(client)[22m[39m [32mhmr update [39m[2m/src/pages/jobsearch/JsJobList.jsx[22m
[2mAM 10:17:21[22m [36m[1m[vite][22m[39m [90m[2m(client)[22m[39m [32mhmr update [39m[2m/src/pages/HomePage.css[22m
[2mAM 10:17:27[22m [36m[1m[vite][22m[39m [90m[2m(client)[22m[39m [32mhmr update [39m[2m/src/pages/HomePage.css[22m
[2mAM 10:17:33[22m [36m[1m[vite][22m[39m [90m[2m(client)[22m[39m [32mhmr update [39m[2m/src/pages/HomePage.css[22m
[2mAM 10:17:39[22m [36m[1m[vite][22m[39m [90m[2m(client)[22m[39m [32mhmr update [39m[2m/src/pages/HomePage.css[22m
[2mAM 10:17:47[22m [36m[1m[vite][22m[39m [90m[2m(client)[22m[39m [32mhmr update [39m[2m/src/pages/HomePage.css[22m
[2mAM 10:18:05[22m [36m[1m[vite][22m[39m [90m[2m(client)[22m[39m [32mhmr update [39m[2m/src/pages/HomePage.css[22m
[2mAM 10:18:10[22m [36m[1m[vite][22m[39m [90m[2m(client)[22m[39m [32mhmr update [39m[2m/src/pages/HomePage.css[22m
[2mAM 10:20:50[22m [36m[1m[vite][22m[39m [90m[2m(client)[22m[39m [32mhmr update [39m[2m/src/pages/HomePage.css[22m
[2mAM 10:21:01[22m [36m[1m[vite][22m[39m [90m[2m(client)[22m[39m [32mhmr update [39m[2m/src/pages/HomePage.css[22m
[2mAM 10:26:29[22m [36m[1m[vite][22m[39m [90m[2m(client)[22m[39m [32mhmr update [39m[2m/src/pages/HomePage.css[22m
[2mAM 10:26:35[22m [36m[1m[vite][22m[39m [90m[2m(client)[22m[39m [32mhmr update [39m[2m/src/pages/HomePage.css[22m
[2mAM 10:26:41[22m [36m[1m[vite][22m[39m [90m[2m(client)[22m[39m [32mhmr update [39m[2m/src/pages/HomePage.css[22m
[2mAM 10:32:14[22m [36m[1m[vite][22m[39m [90m[2m(client)[22m[39m [32mhmr update [39m[2m/src/pages/HomePage.css[22m
[2mAM 10:32:25[22m [36m[1m[vite][22m[39m [90m[2m(client)[22m[39m [32mhmr update [39m[2m/src/pages/JobSeekerPage.css[22m
[2mAM 10:41:33[22m [36m[1m[vite][22m[39m [90m[2m(client)[22m[39m [32mhmr update [39m[2m/src/pages/HomePage.css[22m
[2mAM 10:41:40[22m [36m[1m[vite][22m[39m [90m[2m(client)[22m[39m [32mhmr update [39m[2m/src/pages/HomePage.css[22m
[2mAM 10:41:47[22m [36m[1m[vite][22m[39m [90m[2m(client)[22m[39m [32mhmr update [39m[2m/src/pages/HomePage.css[22m
[2mAM 10:41:53[22m [36m[1m[vite][22m[39m [90m[2m(client)[22m[39m [32mhmr update [39m[2m/src/pages/HomePage.css[22m
[2mAM 10:41:59[22m [36m[1m[vite][22m[39m [90m[2m(client)[22m[39m [32mhmr update [39m[2m/src/pages/HomePage.css[22m
[2mAM 10:42:09[22m [36m[1m[vite][22m[39m [90m[2m(client)[22m[39m [32mhmr update [39m[2m/src/pages/HomePage.css[22m
[2mAM 10:48:05[22m [36m[1m[vite][22m[39m [90m[2m(client)[22m[39m [32mhmr update [39m[2m/src/pages/HomePage.css[22m
[2mAM 10:48:11[22m [36m[1m[vite][22m[39m [90m[2m(client)[22m[39m [32mhmr update [39m[2m/src/pages/JobSeekerPage.css[22m
[2mAM 11:02:38[22m [36m[1m[vite][22m[39m [90m[2m(client)[22m[39m [32mhmr update [39m[2m/src/pages/HomePage.css[22m
[2mAM 11:03:02[22m [36m[1m[vite][22m[39m [90m[2m(client)[22m[39m [32mhmr update [39m[2m/src/pages/HomePage.css[22m
[2mAM 11:07:57[22m [36m[1m[vite][22m[39m [90m[2m(client)[22m[39m [32mhmr update [39m[2m/src/pages/HomePage.css[22m
[2mAM 11:08:03[22m [36m[1m[vite][22m[39m [90m[2m(client)[22m[39m [32mhmr update [39m[2m/src/pages/JobSeekerPage.css[22m
[2mAM 11:08:10[22m [36m[1m[vite][22m[39m [90m[2m(client)[22m[39m [32mhmr update [39m[2m/src/pages/HomePage.css[22m
[2mAM 11:14:44[22m [36m[1m[vite][22m[39m [90m[2m(client)[22m[39m [32mhmr update [39m[2m/src/pages/HomePage.css[22m
[2mAM 11:14:51[22m [36m[1m[vite][22m[39m [90m[2m(client)[22m[39m [32mhmr update [39m[2m/src/pages/HomePage.css[22m
[2mAM 11:14:59[22m [36m[1m[vite][22m[39m [90m[2m(client)[22m[39m [32mhmr update [39m[2m/src/pages/JobSeekerPage.css[22m
[2mAM 11:15:05[22m [36m[1m[vite][22m[39m [90m[2m(client)[22m[39m [32mhmr update [39m[2m/src/pages/JobSeekerPage.css[22m
[2mAM 11:21:08[22m [36m[1m[vite][22m[39m [90m[2m(client)[22m[39m [32mhmr update [39m[2m/src/pages/HomePage.css[22m
[2mAM 11:21:15[22m [36m[1m[vite][22m[39m [90m[2m(client)[22m[39m [32mhmr update [39m[2m/src/pages/JobSeekerPage.css[22m
[2mAM 11:28:02[22m [36m[1m[vite][22m[39m [90m[2m(client)[22m[39m [32mhmr update [39m[2m/src/pages/home/HomeHero.jsx[22m
[2mAM 11:28:08[22m [36m[1m[vite][22m[39m [90m[2m(client)[22m[39m [32mhmr update [39m[2m/src/pages/home/HomeHero.jsx[22m
[2mAM 11:28:13[22m [36m[1m[vite][22m[39m [90m[2m(client)[22m[39m [32mhmr update [39m[2m/src/pages/home/HomeHero.jsx[22m
[2mPM 1:50:38[22m [36m[1m[vite][22m[39m [90m[2m(client)[22m[39m [32mhmr update [39m[2m/src/pages/jobseeker/JspHero.jsx[22m
[2mPM 1:50:45[22m [36m[1m[vite][22m[39m [90m[2m(client)[22m[39m [32mhmr update [39m[2m/src/pages/jobseeker/JspHero.jsx[22m
[2mPM 1:50:52[22m [36m[1m[vite][22m[39m [90m[2m(client)[22m[39m [32mhmr update [39m[2m/src/pages/jobseeker/JspHero.jsx[22m
[2mPM 1:51:29[22m [36m[1m[vite][22m[39m [90m[2m(client)[22m[39m [32mhmr update [39m[2m/src/pages/HomePage.css[22m
[2mPM 1:51:52[22m [36m[1m[vite][22m[39m [90m[2m(client)[22m[39m [32mhmr update [39m[2m/src/pages/JobSeekerPage.css[22m
